node.exe : 
At line:1 char:1
+ & "C:\Program Files\nodejs/node.exe" "C:\Program Files\nodejs/node_mo ...
+ ~~~~~~~~~~~~~~~~~~~~~~~~~~~~~~~~~~~~~~~~~~~~~~~~~~~~~~~~~~~~~~~~~~~~~
    + CategoryInfo          : NotSpecified: (:String) [], RemoteException
    + FullyQualifiedErrorId : NativeCommandError
 
node:internal/modules/run_main:107
    triggerUncaughtException(
    ^

Error [ERR_MODULE_NOT_FOUND]: Cannot find package 'node-fetch' imported from C:\Users\hassa\Desktop\Dr.Phone Manager UI Design (1)\backend\src\scripts\test_create_user.ts
    at Object.getPackageJSONURL (node:internal/modules/package_json_reader:316:9)
    at packageResolve (node:internal/modules/esm/resolve:768:81)
    at moduleResolve (node:internal/modules/esm/resolve:858:18)
    at defaultResolve (node:internal/modules/esm/resolve:990:11)
    at nextResolve (node:internal/modules/esm/hooks:785:28)
    at resolveBase (file:///C:/Users/hassa/AppData/Local/npm-cache/_npx/fd45a72a545557e9/node_modules/tsx/dist/esm/index.mjs?1766342970302:2:3744)
    at resolveDirectory (file:///C:/Users/hassa/AppData/Local/npm-cache/_npx/fd45a72a545557e9/node_modules/tsx/dist/esm/index.mjs?1766342970302:2:4243)
    at resolveTsPaths (file:///C:/Users/hassa/AppData/Local/npm-cache/_npx/fd45a72a545557e9/node_modules/tsx/dist/esm/index.mjs?1766342970302:2:4984)
    at resolve (file:///C:/Users/hassa/AppData/Local/npm-cache/_npx/fd45a72a545557e9/node_modules/tsx/dist/esm/index.mjs?1766342970302:2:5361)
    at nextResolve (node:internal/modules/esm/hooks:785:28) {
  code: 'ERR_MODULE_NOT_FOUND'
}


Node.js v24.12.0

